[    1409ms] [ERROR] Failed to load resource: the server responded with a status of 500 (Internal Server Error) @ http://localhost:3000/:0
[    2216ms] [INFO] %cDownload the React DevTools for a better development experience: https://reactjs.org/link/react-devtools font-weight:bold @ webpack-internal:///./node_modules/react-dom/cjs/react-dom.development.js:29889
[    2252ms] Error: @clerk/nextjs: Missing publishableKey. You can get your key at https://dashboard.clerk.com/last-active?path=api-keys.
    at Object.throwMissingPublishableKeyError (webpack-internal:///(middleware)/./node_modules/@clerk/shared/dist/chunk-T4WHYQYX.mjs:179:13)
    at eval (webpack-internal:///(middleware)/./node_modules/@clerk/nextjs/dist/esm/server/clerkMiddleware.js:48:71)
    at assertKey (webpack-internal:///(middleware)/./node_modules/@clerk/nextjs/dist/esm/server/utils.js:165:5)
    at eval (webpack-internal:///(middleware)/./node_modules/@clerk/nextjs/dist/esm/server/clerkMiddleware.js:46:79)
    at Object.eval [as handler] (webpack-internal:///(middleware)/./node_modules/@clerk/nextjs/dist/esm/utils/debugLogger.js:44:19)
    at eval (webpack-internal:///(middleware)/./node_modules/next/dist/esm/server/web/adapter.js:202:31)
    at AsyncLocalStorage.run (node:internal/async_local_storage/async_context_frame:63:14)
    at Object.wrap (webpack-internal:///(middleware)/./node_modules/next/dist/esm/server/async-storage/request-async-storage-wrapper.js:83:24)
    at eval (webpack-internal:///(middleware)/./node_modules/next/dist/esm/server/web/adapter.js:189:122)
    at eval (webpack-internal:///(middleware)/./node_modules/next/dist/esm/server/lib/trace/tracer.js:115:36)
[    2264ms] [LOG] [HMR] connected @ webpack-internal:///./node_modules/next/dist/client/components/react-dev-overlay/pages/websocket.js:45
[    3732ms] [LOG] [Fast Refresh] rebuilding @ webpack-internal:///./node_modules/next/dist/client/components/react-dev-overlay/pages/hot-reloader-client.js:221
[    3757ms] [WARNING] [Fast Refresh] performing full reload because your application had an unrecoverable error @ webpack-internal:///./node_modules/next/dist/client/components/react-dev-overlay/pages/hot-reloader-client.js:349
[    3898ms] [WARNING] [Fast Refresh] performing full reload

Fast Refresh will perform a full reload when you edit a file that's imported by modules outside of the React rendering tree.
You might have a file which exports a React component but also exports a value that is imported by a non-React component file.
Consider migrating the non-React component export to a separate file and importing it into both files.

It is also possible the parent component of the component you edited is a class component, which disables Fast Refresh.
Fast Refresh requires at least one parent function component in your React tree. @ webpack-internal:///./node_modules/next/dist/client/components/react-dev-overlay/pages/hot-reloader-client.js:347
[    3900ms] [ERROR] Failed to load resource: the server responded with a status of 500 (Internal Server Error) @ http://localhost:3000/:0
[    4171ms] [INFO] %cDownload the React DevTools for a better development experience: https://reactjs.org/link/react-devtools font-weight:bold @ webpack-internal:///./node_modules/react-dom/cjs/react-dom.development.js:29889
[    4190ms] Error: @clerk/nextjs: Missing publishableKey. You can get your key at https://dashboard.clerk.com/last-active?path=api-keys.
    at Object.throwMissingPublishableKeyError (webpack-internal:///(middleware)/./node_modules/@clerk/shared/dist/chunk-T4WHYQYX.mjs:179:13)
    at eval (webpack-internal:///(middleware)/./node_modules/@clerk/nextjs/dist/esm/server/clerkMiddleware.js:48:71)
    at assertKey (webpack-internal:///(middleware)/./node_modules/@clerk/nextjs/dist/esm/server/utils.js:165:5)
    at eval (webpack-internal:///(middleware)/./node_modules/@clerk/nextjs/dist/esm/server/clerkMiddleware.js:46:79)
    at Object.eval [as handler] (webpack-internal:///(middleware)/./node_modules/@clerk/nextjs/dist/esm/utils/debugLogger.js:44:19)
    at eval (webpack-internal:///(middleware)/./node_modules/next/dist/esm/server/web/adapter.js:202:31)
    at AsyncLocalStorage.run (node:internal/async_local_storage/async_context_frame:63:14)
    at Object.wrap (webpack-internal:///(middleware)/./node_modules/next/dist/esm/server/async-storage/request-async-storage-wrapper.js:83:24)
    at eval (webpack-internal:///(middleware)/./node_modules/next/dist/esm/server/web/adapter.js:189:122)
    at eval (webpack-internal:///(middleware)/./node_modules/next/dist/esm/server/lib/trace/tracer.js:115:36)
[    4184ms] [LOG] [HMR] connected @ webpack-internal:///./node_modules/next/dist/client/components/react-dev-overlay/pages/websocket.js:45
[    4202ms] [ERROR] Failed to load resource: the server responded with a status of 404 (Not Found) @ http://localhost:3000/favicon.ico:0
[   63216ms] [LOG] [Fast Refresh] rebuilding @ webpack-internal:///./node_modules/next/dist/client/components/react-dev-overlay/pages/hot-reloader-client.js:221
[   63387ms] [WARNING] [Fast Refresh] performing full reload because your application had an unrecoverable error @ webpack-internal:///./node_modules/next/dist/client/components/react-dev-overlay/pages/hot-reloader-client.js:349
[   63410ms] [LOG] [Fast Refresh] rebuilding @ webpack-internal:///./node_modules/next/dist/client/components/react-dev-overlay/pages/hot-reloader-client.js:221
[   63684ms] [ERROR] Failed to load resource: the server responded with a status of 500 (Internal Server Error) @ http://localhost:3000/:0
[   63792ms] [INFO] %cDownload the React DevTools for a better development experience: https://reactjs.org/link/react-devtools font-weight:bold @ webpack-internal:///./node_modules/react-dom/cjs/react-dom.development.js:29889
[   63802ms] Error: @clerk/nextjs: Missing publishableKey. You can get your key at https://dashboard.clerk.com/last-active?path=api-keys.
    at Object.throwMissingPublishableKeyError (webpack-internal:///(middleware)/./node_modules/@clerk/shared/dist/chunk-T4WHYQYX.mjs:179:13)
    at eval (webpack-internal:///(middleware)/./node_modules/@clerk/nextjs/dist/esm/server/clerkMiddleware.js:48:71)
    at assertKey (webpack-internal:///(middleware)/./node_modules/@clerk/nextjs/dist/esm/server/utils.js:165:5)
    at eval (webpack-internal:///(middleware)/./node_modules/@clerk/nextjs/dist/esm/server/clerkMiddleware.js:46:79)
    at Object.eval [as handler] (webpack-internal:///(middleware)/./node_modules/@clerk/nextjs/dist/esm/utils/debugLogger.js:44:19)
    at eval (webpack-internal:///(middleware)/./node_modules/next/dist/esm/server/web/adapter.js:202:31)
    at AsyncLocalStorage.run (node:internal/async_local_storage/async_context_frame:63:14)
    at Object.wrap (webpack-internal:///(middleware)/./node_modules/next/dist/esm/server/async-storage/request-async-storage-wrapper.js:83:24)
    at eval (webpack-internal:///(middleware)/./node_modules/next/dist/esm/server/web/adapter.js:189:122)
    at eval (webpack-internal:///(middleware)/./node_modules/next/dist/esm/server/lib/trace/tracer.js:115:36)
[   63806ms] [LOG] [HMR] connected @ webpack-internal:///./node_modules/next/dist/client/components/react-dev-overlay/pages/websocket.js:45
[   70103ms] [ERROR] Failed to load resource: the server responded with a status of 500 (Internal Server Error) @ http://localhost:3000/:0
[   70214ms] [INFO] %cDownload the React DevTools for a better development experience: https://reactjs.org/link/react-devtools font-weight:bold @ webpack-internal:///./node_modules/react-dom/cjs/react-dom.development.js:29889
[   70223ms] Error: @clerk/nextjs: Missing publishableKey. You can get your key at https://dashboard.clerk.com/last-active?path=api-keys.
    at Object.throwMissingPublishableKeyError (webpack-internal:///(middleware)/./node_modules/@clerk/shared/dist/chunk-T4WHYQYX.mjs:179:13)
    at eval (webpack-internal:///(middleware)/./node_modules/@clerk/nextjs/dist/esm/server/clerkMiddleware.js:48:71)
    at assertKey (webpack-internal:///(middleware)/./node_modules/@clerk/nextjs/dist/esm/server/utils.js:165:5)
    at eval (webpack-internal:///(middleware)/./node_modules/@clerk/nextjs/dist/esm/server/clerkMiddleware.js:46:79)
    at Object.eval [as handler] (webpack-internal:///(middleware)/./node_modules/@clerk/nextjs/dist/esm/utils/debugLogger.js:44:19)
    at eval (webpack-internal:///(middleware)/./node_modules/next/dist/esm/server/web/adapter.js:202:31)
    at AsyncLocalStorage.run (node:internal/async_local_storage/async_context_frame:63:14)
    at Object.wrap (webpack-internal:///(middleware)/./node_modules/next/dist/esm/server/async-storage/request-async-storage-wrapper.js:83:24)
    at eval (webpack-internal:///(middleware)/./node_modules/next/dist/esm/server/web/adapter.js:189:122)
    at eval (webpack-internal:///(middleware)/./node_modules/next/dist/esm/server/lib/trace/tracer.js:115:36)
[   70225ms] [LOG] [HMR] connected @ webpack-internal:///./node_modules/next/dist/client/components/react-dev-overlay/pages/websocket.js:45
[   91048ms] [LOG] [Fast Refresh] rebuilding @ webpack-internal:///./node_modules/next/dist/client/components/react-dev-overlay/pages/hot-reloader-client.js:221
[   91188ms] [WARNING] [Fast Refresh] performing full reload because your application had an unrecoverable error @ webpack-internal:///./node_modules/next/dist/client/components/react-dev-overlay/pages/hot-reloader-client.js:349
[   91209ms] [ERROR] Failed to load resource: the server responded with a status of 500 (Internal Server Error) @ http://localhost:3000/:0
[   91322ms] [INFO] %cDownload the React DevTools for a better development experience: https://reactjs.org/link/react-devtools font-weight:bold @ webpack-internal:///./node_modules/react-dom/cjs/react-dom.development.js:29889
[   91329ms] Error: @clerk/nextjs: Missing publishableKey. You can get your key at https://dashboard.clerk.com/last-active?path=api-keys.
    at Object.throwMissingPublishableKeyError (webpack-internal:///(middleware)/./node_modules/@clerk/shared/dist/chunk-T4WHYQYX.mjs:179:13)
    at eval (webpack-internal:///(middleware)/./node_modules/@clerk/nextjs/dist/esm/server/clerkMiddleware.js:48:71)
    at assertKey (webpack-internal:///(middleware)/./node_modules/@clerk/nextjs/dist/esm/server/utils.js:165:5)
    at eval (webpack-internal:///(middleware)/./node_modules/@clerk/nextjs/dist/esm/server/clerkMiddleware.js:46:79)
    at Object.eval [as handler] (webpack-internal:///(middleware)/./node_modules/@clerk/nextjs/dist/esm/utils/debugLogger.js:44:19)
    at eval (webpack-internal:///(middleware)/./node_modules/next/dist/esm/server/web/adapter.js:202:31)
    at AsyncLocalStorage.run (node:internal/async_local_storage/async_context_frame:63:14)
    at Object.wrap (webpack-internal:///(middleware)/./node_modules/next/dist/esm/server/async-storage/request-async-storage-wrapper.js:83:24)
    at eval (webpack-internal:///(middleware)/./node_modules/next/dist/esm/server/web/adapter.js:189:122)
    at eval (webpack-internal:///(middleware)/./node_modules/next/dist/esm/server/lib/trace/tracer.js:115:36)
[   91330ms] [LOG] [HMR] connected @ webpack-internal:///./node_modules/next/dist/client/components/react-dev-overlay/pages/websocket.js:45
[  109289ms] [LOG] [Fast Refresh] rebuilding @ webpack-internal:///./node_modules/next/dist/client/components/react-dev-overlay/pages/hot-reloader-client.js:221
[  109424ms] [WARNING] [Fast Refresh] performing full reload because your application had an unrecoverable error @ webpack-internal:///./node_modules/next/dist/client/components/react-dev-overlay/pages/hot-reloader-client.js:349
[  109444ms] [ERROR] Failed to load resource: the server responded with a status of 500 (Internal Server Error) @ http://localhost:3000/:0
[  109562ms] [INFO] %cDownload the React DevTools for a better development experience: https://reactjs.org/link/react-devtools font-weight:bold @ webpack-internal:///./node_modules/react-dom/cjs/react-dom.development.js:29889
[  109572ms] Error: @clerk/nextjs: Missing publishableKey. You can get your key at https://dashboard.clerk.com/last-active?path=api-keys.
    at Object.throwMissingPublishableKeyError (webpack-internal:///(middleware)/./node_modules/@clerk/shared/dist/chunk-T4WHYQYX.mjs:179:13)
    at eval (webpack-internal:///(middleware)/./node_modules/@clerk/nextjs/dist/esm/server/clerkMiddleware.js:48:71)
    at assertKey (webpack-internal:///(middleware)/./node_modules/@clerk/nextjs/dist/esm/server/utils.js:165:5)
    at eval (webpack-internal:///(middleware)/./node_modules/@clerk/nextjs/dist/esm/server/clerkMiddleware.js:46:79)
    at Object.eval [as handler] (webpack-internal:///(middleware)/./node_modules/@clerk/nextjs/dist/esm/utils/debugLogger.js:44:19)
    at eval (webpack-internal:///(middleware)/./node_modules/next/dist/esm/server/web/adapter.js:202:31)
    at AsyncLocalStorage.run (node:internal/async_local_storage/async_context_frame:63:14)
    at Object.wrap (webpack-internal:///(middleware)/./node_modules/next/dist/esm/server/async-storage/request-async-storage-wrapper.js:83:24)
    at eval (webpack-internal:///(middleware)/./node_modules/next/dist/esm/server/web/adapter.js:189:122)
    at eval (webpack-internal:///(middleware)/./node_modules/next/dist/esm/server/lib/trace/tracer.js:115:36)
[  109576ms] [LOG] [HMR] connected @ webpack-internal:///./node_modules/next/dist/client/components/react-dev-overlay/pages/websocket.js:45
[  162881ms] [LOG] [Fast Refresh] rebuilding @ webpack-internal:///./node_modules/next/dist/client/components/react-dev-overlay/pages/hot-reloader-client.js:221
[  163013ms] [WARNING] [Fast Refresh] performing full reload because your application had an unrecoverable error @ webpack-internal:///./node_modules/next/dist/client/components/react-dev-overlay/pages/hot-reloader-client.js:349
[  163035ms] [ERROR] Failed to load resource: the server responded with a status of 500 (Internal Server Error) @ http://localhost:3000/:0
[  163088ms] [ERROR] Failed to load resource: the server responded with a status of 404 (Not Found) @ http://localhost:3000/_next/static/chunks/react-refresh.js:0
[  163089ms] [ERROR] Failed to load resource: the server responded with a status of 404 (Not Found) @ http://localhost:3000/_next/static/chunks/main.js:0
[  163090ms] [ERROR] Failed to load resource: the server responded with a status of 404 (Not Found) @ http://localhost:3000/_next/static/chunks/pages/_app.js:0
[  163090ms] [ERROR] Failed to load resource: the server responded with a status of 404 (Not Found) @ http://localhost:3000/_next/static/chunks/pages/_error.js:0
