[     442ms] [INFO] %cDownload the React DevTools for a better development experience: https://reactjs.org/link/react-devtools font-weight:bold @ webpack-internal:///(app-pages-browser)/./node_modules/next/dist/compiled/react-dom/cjs/react-dom.development.js:38559
[     579ms] [ERROR] Failed to load resource: the server responded with a status of 404 (Not Found) @ http://localhost:3000/favicon.ico:0
[    1947ms] [ERROR] Failed to load resource: the server responded with a status of 403 () @ https://prod.spline.design/6Wq1Q7YGyWf8Z9eR/scene.splinecode:0
[    1947ms] [ERROR] Failed to load resource: the server responded with a status of 403 () @ https://prod.spline.design/at27hY4iI73C5L8M/scene.splinecode:0
[    2415ms] [ERROR] Failed to load resource: the server responded with a status of 403 () @ https://prod.spline.design/at27hY4iI73C5L8M/scene.splinecode:0
[    2415ms] [ERROR] Failed to load resource: the server responded with a status of 403 () @ https://prod.spline.design/6Wq1Q7YGyWf8Z9eR/scene.splinecode:0
[    2423ms] [ERROR] Warning: Cannot update a component (`%s`) while rendering a different component (`%s`). To locate the bad setState() call inside `%s`, follow the stack trace as described in https://reactjs.org/link/setstate-in-render%s HotReload ForwardRef(_c) ForwardRef(_c) 
    at _c (webpack-internal:///(app-pages-browser)/./node_modules/@splinetool/react-spline/dist/react-spline.js:14:18)
    at div
    at div
    at Background3D
    at Suspense
    at div
    at LandingPage (webpack-internal:///(app-pages-browser)/./app/page.tsx:35:78)
    at ClientPageRoot (webpack-internal:///(app-pages-browser)/./node_modules/next/dist/client/components/client-page.js:14:11)
    at InnerLayoutRouter (webpack-internal:///(app-pages-browser)/./node_modules/next/dist/client/components/layout-router.js:243:11)
    at RedirectErrorBoundary (webpack-internal:///(app-pages-browser)/./node_modules/next/dist/client/components/redirect-boundary.js:74:9)
    at RedirectBoundary (webpack-internal:///(app-pages-browser)/./node_modules/next/dist/client/components/redirect-boundary.js:82:11)
    at NotFoundErrorBoundary (webpack-internal:///(app-pages-browser)/./node_modules/next/dist/client/components/not-found-boundary.js:76:9)
    at NotFoundBoundary (webpack-internal:///(app-pages-browser)/./node_modules/next/dist/client/components/not-found-boundary.js:84:11)
    at LoadingBoundary (webpack-internal:///(app-pages-browser)/./node_modules/next/dist/client/components/layout-router.js:348:11)
    at ErrorBoundary (webpack-internal:///(app-pages-browser)/./node_modules/next/dist/client/components/error-boundary.js:160:11)
    at InnerScrollAndFocusHandler (webpack-internal:///(app-pages-browser)/./node_modules/next/dist/client/components/layout-router.js:153:9)
    at ScrollAndFocusHandler (webpack-internal:///(app-pages-browser)/./node_modules/next/dist/client/components/layout-router.js:228:11)
    at RenderFromTemplateContext (webpack-internal:///(app-pages-browser)/./node_modules/next/dist/client/components/render-from-template-context.js:16:44)
    at OuterLayoutRouter (webpack-internal:///(app-pages-browser)/./node_modules/next/dist/client/components/layout-router.js:369:11)
    at main
    at body
    at html
    at RootLayout (Server)
    at RedirectErrorBoundary (webpack-internal:///(app-pages-browser)/./node_modules/next/dist/client/components/redirect-boundary.js:74:9)
    at RedirectBoundary (webpack-internal:///(app-pages-browser)/./node_modules/next/dist/client/components/redirect-boundary.js:82:11)
    at NotFoundErrorBoundary (webpack-internal:///(app-pages-browser)/./node_modules/next/dist/client/components/not-found-boundary.js:76:9)
    at NotFoundBoundary (webpack-internal:///(app-pages-browser)/./node_modules/next/dist/client/components/not-found-boundary.js:84:11)
    at DevRootNotFoundBoundary (webpack-internal:///(app-pages-browser)/./node_modules/next/dist/client/components/dev-root-not-found-boundary.js:33:11)
    at ReactDevOverlay (webpack-internal:///(app-pages-browser)/./node_modules/next/dist/client/components/react-dev-overlay/app/ReactDevOverlay.js:87:9)
    at HotReload (webpack-internal:///(app-pages-browser)/./node_modules/next/dist/client/components/react-dev-overlay/app/hot-reloader-client.js:321:11)
    at Router (webpack-internal:///(app-pages-browser)/./node_modules/next/dist/client/components/app-router.js:207:11)
    at ErrorBoundaryHandler (webpack-internal:///(app-pages-browser)/./node_modules/next/dist/client/components/error-boundary.js:113:9)
    at ErrorBoundary (webpack-internal:///(app-pages-browser)/./node_modules/next/dist/client/components/error-boundary.js:160:11)
    at AppRouter (webpack-internal:///(app-pages-browser)/./node_modules/next/dist/client/components/app-router.js:577:13)
    at ServerRoot (webpack-internal:///(app-pages-browser)/./node_modules/next/dist/client/app-index.js:112:27)
    at Root (webpack-internal:///(app-pages-browser)/./node_modules/next/dist/client/app-index.js:117:11) @ webpack-internal:///(app-pages-browser)/./node_modules/next/dist/client/app-index.js:32
[    2424ms] Error: Data read, but end of buffer not reached
    at h0 (webpack-internal:///(app-pages-browser)/./node_modules/@splinetool/runtime/build/runtime.js:3156:256162)
    at tu.unpack (webpack-internal:///(app-pages-browser)/./node_modules/@splinetool/runtime/build/runtime.js:3156:255297)
    at Object.t [as deserialize] (webpack-internal:///(app-pages-browser)/./node_modules/@splinetool/runtime/build/runtime.js:3156:276584)
    at HV (webpack-internal:///(app-pages-browser)/./node_modules/@splinetool/runtime/build/runtime.js:8190:3723)
    at iU.start (webpack-internal:///(app-pages-browser)/./node_modules/@splinetool/runtime/build/runtime.js:8192:28393)
    at iU.load (webpack-internal:///(app-pages-browser)/./node_modules/@splinetool/runtime/build/runtime.js:8192:28275)
    at async t (webpack-internal:///(app-pages-browser)/./node_modules/@splinetool/react-spline/dist/react-spline.js:64:17)
[    2424ms] Error: Data read, but end of buffer not reached
    at h0 (webpack-internal:///(app-pages-browser)/./node_modules/@splinetool/runtime/build/runtime.js:3156:256162)
    at tu.unpack (webpack-internal:///(app-pages-browser)/./node_modules/@splinetool/runtime/build/runtime.js:3156:255297)
    at Object.t [as deserialize] (webpack-internal:///(app-pages-browser)/./node_modules/@splinetool/runtime/build/runtime.js:3156:276584)
    at HV (webpack-internal:///(app-pages-browser)/./node_modules/@splinetool/runtime/build/runtime.js:8190:3723)
    at iU.start (webpack-internal:///(app-pages-browser)/./node_modules/@splinetool/runtime/build/runtime.js:8192:28393)
    at iU.load (webpack-internal:///(app-pages-browser)/./node_modules/@splinetool/runtime/build/runtime.js:8192:28275)
    at async t (webpack-internal:///(app-pages-browser)/./node_modules/@splinetool/react-spline/dist/react-spline.js:64:17)
[    2424ms] Error: Data read, but end of buffer not reached
    at h0 (webpack-internal:///(app-pages-browser)/./node_modules/@splinetool/runtime/build/runtime.js:3156:256162)
    at tu.unpack (webpack-internal:///(app-pages-browser)/./node_modules/@splinetool/runtime/build/runtime.js:3156:255297)
    at Object.t [as deserialize] (webpack-internal:///(app-pages-browser)/./node_modules/@splinetool/runtime/build/runtime.js:3156:276584)
    at HV (webpack-internal:///(app-pages-browser)/./node_modules/@splinetool/runtime/build/runtime.js:8190:3723)
    at iU.start (webpack-internal:///(app-pages-browser)/./node_modules/@splinetool/runtime/build/runtime.js:8192:28393)
    at iU.load (webpack-internal:///(app-pages-browser)/./node_modules/@splinetool/runtime/build/runtime.js:8192:28275)
    at async t (webpack-internal:///(app-pages-browser)/./node_modules/@splinetool/react-spline/dist/react-spline.js:64:17)
[    2425ms] Error: Data read, but end of buffer not reached
    at h0 (webpack-internal:///(app-pages-browser)/./node_modules/@splinetool/runtime/build/runtime.js:3156:256162)
    at tu.unpack (webpack-internal:///(app-pages-browser)/./node_modules/@splinetool/runtime/build/runtime.js:3156:255297)
    at Object.t [as deserialize] (webpack-internal:///(app-pages-browser)/./node_modules/@splinetool/runtime/build/runtime.js:3156:276584)
    at HV (webpack-internal:///(app-pages-browser)/./node_modules/@splinetool/runtime/build/runtime.js:8190:3723)
    at iU.start (webpack-internal:///(app-pages-browser)/./node_modules/@splinetool/runtime/build/runtime.js:8192:28393)
    at iU.load (webpack-internal:///(app-pages-browser)/./node_modules/@splinetool/runtime/build/runtime.js:8192:28275)
    at async t (webpack-internal:///(app-pages-browser)/./node_modules/@splinetool/react-spline/dist/react-spline.js:64:17)
[    2425ms] Error: Data read, but end of buffer not reached
    at h0 (webpack-internal:///(app-pages-browser)/./node_modules/@splinetool/runtime/build/runtime.js:3156:256162)
    at tu.unpack (webpack-internal:///(app-pages-browser)/./node_modules/@splinetool/runtime/build/runtime.js:3156:255297)
    at Object.t [as deserialize] (webpack-internal:///(app-pages-browser)/./node_modules/@splinetool/runtime/build/runtime.js:3156:276584)
    at HV (webpack-internal:///(app-pages-browser)/./node_modules/@splinetool/runtime/build/runtime.js:8190:3723)
    at iU.start (webpack-internal:///(app-pages-browser)/./node_modules/@splinetool/runtime/build/runtime.js:8192:28393)
    at iU.load (webpack-internal:///(app-pages-browser)/./node_modules/@splinetool/runtime/build/runtime.js:8192:28275)
    at async t (webpack-internal:///(app-pages-browser)/./node_modules/@splinetool/react-spline/dist/react-spline.js:64:17)
[    2426ms] Error: Data read, but end of buffer not reached
    at h0 (webpack-internal:///(app-pages-browser)/./node_modules/@splinetool/runtime/build/runtime.js:3156:256162)
    at tu.unpack (webpack-internal:///(app-pages-browser)/./node_modules/@splinetool/runtime/build/runtime.js:3156:255297)
    at Object.t [as deserialize] (webpack-internal:///(app-pages-browser)/./node_modules/@splinetool/runtime/build/runtime.js:3156:276584)
    at HV (webpack-internal:///(app-pages-browser)/./node_modules/@splinetool/runtime/build/runtime.js:8190:3723)
    at iU.start (webpack-internal:///(app-pages-browser)/./node_modules/@splinetool/runtime/build/runtime.js:8192:28393)
    at iU.load (webpack-internal:///(app-pages-browser)/./node_modules/@splinetool/runtime/build/runtime.js:8192:28275)
    at async t (webpack-internal:///(app-pages-browser)/./node_modules/@splinetool/react-spline/dist/react-spline.js:64:17)
[    2426ms] Error: Data read, but end of buffer not reached
    at h0 (webpack-internal:///(app-pages-browser)/./node_modules/@splinetool/runtime/build/runtime.js:3156:256162)
    at tu.unpack (webpack-internal:///(app-pages-browser)/./node_modules/@splinetool/runtime/build/runtime.js:3156:255297)
    at Object.t [as deserialize] (webpack-internal:///(app-pages-browser)/./node_modules/@splinetool/runtime/build/runtime.js:3156:276584)
    at HV (webpack-internal:///(app-pages-browser)/./node_modules/@splinetool/runtime/build/runtime.js:8190:3723)
    at iU.start (webpack-internal:///(app-pages-browser)/./node_modules/@splinetool/runtime/build/runtime.js:8192:28393)
    at iU.load (webpack-internal:///(app-pages-browser)/./node_modules/@splinetool/runtime/build/runtime.js:8192:28275)
    at async t (webpack-internal:///(app-pages-browser)/./node_modules/@splinetool/react-spline/dist/react-spline.js:64:17)
[    2427ms] Error: Data read, but end of buffer not reached
    at h0 (webpack-internal:///(app-pages-browser)/./node_modules/@splinetool/runtime/build/runtime.js:3156:256162)
    at tu.unpack (webpack-internal:///(app-pages-browser)/./node_modules/@splinetool/runtime/build/runtime.js:3156:255297)
    at Object.t [as deserialize] (webpack-internal:///(app-pages-browser)/./node_modules/@splinetool/runtime/build/runtime.js:3156:276584)
    at HV (webpack-internal:///(app-pages-browser)/./node_modules/@splinetool/runtime/build/runtime.js:8190:3723)
    at iU.start (webpack-internal:///(app-pages-browser)/./node_modules/@splinetool/runtime/build/runtime.js:8192:28393)
    at iU.load (webpack-internal:///(app-pages-browser)/./node_modules/@splinetool/runtime/build/runtime.js:8192:28275)
    at async t (webpack-internal:///(app-pages-browser)/./node_modules/@splinetool/react-spline/dist/react-spline.js:64:17)
[    2427ms] Error: Data read, but end of buffer not reached
    at h0 (webpack-internal:///(app-pages-browser)/./node_modules/@splinetool/runtime/build/runtime.js:3156:256162)
    at tu.unpack (webpack-internal:///(app-pages-browser)/./node_modules/@splinetool/runtime/build/runtime.js:3156:255297)
    at Object.t [as deserialize] (webpack-internal:///(app-pages-browser)/./node_modules/@splinetool/runtime/build/runtime.js:3156:276584)
    at HV (webpack-internal:///(app-pages-browser)/./node_modules/@splinetool/runtime/build/runtime.js:8190:3723)
    at iU.start (webpack-internal:///(app-pages-browser)/./node_modules/@splinetool/runtime/build/runtime.js:8192:28393)
    at iU.load (webpack-internal:///(app-pages-browser)/./node_modules/@splinetool/runtime/build/runtime.js:8192:28275)
    at async t (webpack-internal:///(app-pages-browser)/./node_modules/@splinetool/react-spline/dist/react-spline.js:64:17)
[    2427ms] Error: Data read, but end of buffer not reached
    at h0 (webpack-internal:///(app-pages-browser)/./node_modules/@splinetool/runtime/build/runtime.js:3156:256162)
    at tu.unpack (webpack-internal:///(app-pages-browser)/./node_modules/@splinetool/runtime/build/runtime.js:3156:255297)
    at Object.t [as deserialize] (webpack-internal:///(app-pages-browser)/./node_modules/@splinetool/runtime/build/runtime.js:3156:276584)
    at HV (webpack-internal:///(app-pages-browser)/./node_modules/@splinetool/runtime/build/runtime.js:8190:3723)
    at iU.start (webpack-internal:///(app-pages-browser)/./node_modules/@splinetool/runtime/build/runtime.js:8192:28393)
    at iU.load (webpack-internal:///(app-pages-browser)/./node_modules/@splinetool/runtime/build/runtime.js:8192:28275)
    at async t (webpack-internal:///(app-pages-browser)/./node_modules/@splinetool/react-spline/dist/react-spline.js:64:17)
[    2431ms] [ERROR] The above error occurred in the <NotFoundErrorBoundary> component:

    at _c (webpack-internal:///(app-pages-browser)/./node_modules/@splinetool/react-spline/dist/react-spline.js:14:18)
    at div
    at div
    at Background3D
    at Suspense
    at div
    at LandingPage (webpack-internal:///(app-pages-browser)/./app/page.tsx:35:78)
    at ClientPageRoot (webpack-internal:///(app-pages-browser)/./node_modules/next/dist/client/components/client-page.js:14:11)
    at InnerLayoutRouter (webpack-internal:///(app-pages-browser)/./node_modules/next/dist/client/components/layout-router.js:243:11)
    at RedirectErrorBoundary (webpack-internal:///(app-pages-browser)/./node_modules/next/dist/client/components/redirect-boundary.js:74:9)
    at RedirectBoundary (webpack-internal:///(app-pages-browser)/./node_modules/next/dist/client/components/redirect-boundary.js:82:11)
    at NotFoundErrorBoundary (webpack-internal:///(app-pages-browser)/./node_modules/next/dist/client/components/not-found-boundary.js:76:9)
    at NotFoundBoundary (webpack-internal:///(app-pages-browser)/./node_modules/next/dist/client/components/not-found-boundary.js:84:11)
    at LoadingBoundary (webpack-internal:///(app-pages-browser)/./node_modules/next/dist/client/components/layout-router.js:348:11)
    at ErrorBoundary (webpack-internal:///(app-pages-browser)/./node_modules/next/dist/client/components/error-boundary.js:160:11)
    at InnerScrollAndFocusHandler (webpack-internal:///(app-pages-browser)/./node_modules/next/dist/client/components/layout-router.js:153:9)
    at ScrollAndFocusHandler (webpack-internal:///(app-pages-browser)/./node_modules/next/dist/client/components/layout-router.js:228:11)
    at RenderFromTemplateContext (webpack-internal:///(app-pages-browser)/./node_modules/next/dist/client/components/render-from-template-context.js:16:44)
    at OuterLayoutRouter (webpack-internal:///(app-pages-browser)/./node_modules/next/dist/client/components/layout-router.js:369:11)
    at main
    at body
    at html
    at RootLayout (Server)
    at RedirectErrorBoundary (webpack-internal:///(app-pages-browser)/./node_modules/next/dist/client/components/redirect-boundary.js:74:9)
    at RedirectBoundary (webpack-internal:///(app-pages-browser)/./node_modules/next/dist/client/components/redirect-boundary.js:82:11)
    at NotFoundErrorBoundary (webpack-internal:///(app-pages-browser)/./node_modules/next/dist/client/components/not-found-boundary.js:76:9)
    at NotFoundBoundary (webpack-internal:///(app-pages-browser)/./node_modules/next/dist/client/components/not-found-boundary.js:84:11)
    at DevRootNotFoundBoundary (webpack-internal:///(app-pages-browser)/./node_modules/next/dist/client/components/dev-root-not-found-boundary.js:33:11)
    at ReactDevOverlay (webpack-internal:///(app-pages-browser)/./node_modules/next/dist/client/components/react-dev-overlay/app/ReactDevOverlay.js:87:9)
    at HotReload (webpack-internal:///(app-pages-browser)/./node_modules/next/dist/client/components/react-dev-overlay/app/hot-reloader-client.js:321:11)
    at Router (webpack-internal:///(app-pages-browser)/./node_modules/next/dist/client/components/app-router.js:207:11)
    at ErrorBoundaryHandler (webpack-internal:///(app-pages-browser)/./node_modules/next/dist/client/components/error-boundary.js:113:9)
    at ErrorBoundary (webpack-internal:///(app-pages-browser)/./node_modules/next/dist/client/components/error-boundary.js:160:11)
    at AppRouter (webpack-internal:///(app-pages-browser)/./node_modules/next/dist/client/components/app-router.js:577:13)
    at ServerRoot (webpack-internal:///(app-pages-browser)/./node_modules/next/dist/client/app-index.js:112:27)
    at Root (webpack-internal:///(app-pages-browser)/./node_modules/next/dist/client/app-index.js:117:11)

React will try to recreate this component tree from scratch using the error boundary you provided, ReactDevOverlay. @ webpack-internal:///(app-pages-browser)/./node_modules/next/dist/client/app-index.js:32
